// Jest Snapshot v1, https://goo.gl/fbAQLP

exports[`<InputComponent/> return true 1`] = `
<button
  className="btn btn-primary
    false
    false
    inlineStyle
    "
  disabled={false}
  type="button"
>
  Button Name
</button>
`;
